#
# There is insufficient memory for the Java Runtime Environment to continue.
# Native memory allocation (malloc) failed to allocate 174080 bytes. Error detail: Chunk::new
# Possible reasons:
#   The system is out of physical RAM or swap space
#   This process is running with CompressedOops enabled, and the Java Heap may be blocking the growth of the native heap
# Possible solutions:
#   Reduce memory load on the system
#   Increase physical memory or swap space
#   Check if swap backing store is full
#   Decrease Java heap size (-Xmx/-Xms)
#   Decrease number of Java threads
#   Decrease Java thread stack sizes (-Xss)
#   Set larger code cache with -XX:ReservedCodeCacheSize=
#   JVM is running with Unscaled Compressed Oops mode in which the Java heap is
#     placed in the first 4GB address space. The Java Heap base address is the
#     maximum limit for the native heap growth. Please use -XX:HeapBaseMinAddress
#     to set the Java Heap base and to place the Java Heap above 4GB virtual address.
# This output file may be truncated or incomplete.
#
#  Out of Memory Error (arena.cpp:168), pid=14044, tid=15840
#
# JRE version: OpenJDK Runtime Environment Temurin-21.0.12.1+1 (21.0.12.1+1) (build 21.0.12.1+1-LTS)
# Java VM: OpenJDK 64-Bit Server VM Temurin-21.0.12.1+1 (21.0.12.1+1-LTS, mixed mode, sharing, tiered, compressed oops, compressed class ptrs, g1 gc, windows-amd64)
# No core dump will be written. Minidumps are not enabled by default on client versions of Windows
#

---------------  S U M M A R Y ------------

Command Line: -javaagent:D:\java1\IntelliJ IDEA 2026.2.1\lib\idea_rt.jar=61141 -Dfile.encoding=UTF-8 -Dsun.stdout.encoding=UTF-8 -Dsun.stderr.encoding=UTF-8 --module-path=C:\Users\ASUS\.m2\repository\org\openjfx\javafx-graphics\21.0.6\javafx-graphics-21.0.6-win.jar;C:\Users\ASUS\.m2\repository\org\openjfx\javafx-base\21.0.6\javafx-base-21.0.6-win.jar;C:\Users\ASUS\.m2\repository\org\openjfx\javafx-fxml\21.0.6\javafx-fxml-21.0.6-win.jar;D:\CalcFX\CalcFX\target\classes;C:\Users\ASUS\.m2\repository\org\openjfx\javafx-controls\21.0.6\javafx-controls-21.0.6-win.jar -Djdk.module.main=com.example.calcfx com.example.calcfx/com.example.calcfx.Launcher

Host: AMD Ryzen 7 4800H with Radeon Graphics         , 16 cores, 7G,  Windows 11 , 64 bit Build 22621 (10.0.22621.5415)
Time: Fri Sep 25 04:01:32 2026 Bangladesh Standard Time elapsed time: 2.021685 seconds (0d 0h 0m 2s)

---------------  T H R E A D  ---------------

Current thread (0x00000178b4e1bf70):  JavaThread "C2 CompilerThread0" daemon [_thread_in_native, id=15840, stack(0x000000739a500000,0x000000739a600000) (1024K)]


Current CompileTask:
C2:2021  876       4       java.util.HashMap::putVal (300 bytes)

Stack: [0x000000739a500000,0x000000739a600000]
Native frames: (J=compiled Java code, j=interpreted, Vv=VM code, C=native code)
V  [jvm.dll+0x6d83e9]
V  [jvm.dll+0x8b5736]
V  [jvm.dll+0x8b7cee]
V  [jvm.dll+0x8b83d3]
V  [jvm.dll+0x284596]
V  [jvm.dll+0xc685d]
V  [jvm.dll+0xc6da1]
V  [jvm.dll+0x3bf18b]
V  [jvm.dll+0x38b6d2]
V  [jvm.dll+0x38ab1a]
V  [jvm.dll+0x24c700]
V  [jvm.dll+0x24bce0]
V  [jvm.dll+0x1cb4ae]
V  [jvm.dll+0x25baad]
V  [jvm.dll+0x25a03a]
V  [jvm.dll+0x3f8aae]
V  [jvm.dll+0x8600cd]
V  [jvm.dll+0x6d6c1d]
C  [ucrtbase.dll+0x29333]
C  [KERNEL32.DLL+0x1259d]
C  [ntdll.dll+0x5af78]


---------------  P R O C E S S  ---------------

Threads class SMR info:
_java_thread_list=0x00000178fa89df80, length=18, elements={
0x00000178978bdf80, 0x00000178b4e08270, 0x00000178b4e08f90, 0x00000178b4e0bf30,
0x00000178b4e0cd20, 0x00000178b4e17f60, 0x00000178b4e18f20, 0x00000178b4e1bf70,
0x00000178b4e236f0, 0x00000178fa052a60, 0x00000178fa126780, 0x00000178fa12e2d0,
0x00000178fa2e7360, 0x00000178fa2e7dd0, 0x00000178fa31ed00, 0x00000178fa4faad0,
0x00000178fa8d98c0, 0x00000178fa8d1590
}

Java Threads: ( => current thread )
  0x00000178978bdf80 JavaThread "main"                              [_thread_blocked, id=352, stack(0x0000007399700000,0x0000007399800000) (1024K)]
  0x00000178b4e08270 JavaThread "Reference Handler"          daemon [_thread_blocked, id=8528, stack(0x0000007399f00000,0x000000739a000000) (1024K)]
  0x00000178b4e08f90 JavaThread "Finalizer"                  daemon [_thread_blocked, id=12224, stack(0x000000739a000000,0x000000739a100000) (1024K)]
  0x00000178b4e0bf30 JavaThread "Signal Dispatcher"          daemon [_thread_blocked, id=26488, stack(0x000000739a100000,0x000000739a200000) (1024K)]
  0x00000178b4e0cd20 JavaThread "Attach Listener"            daemon [_thread_blocked, id=12180, stack(0x000000739a200000,0x000000739a300000) (1024K)]
  0x00000178b4e17f60 JavaThread "Service Thread"             daemon [_thread_blocked, id=5416, stack(0x000000739a300000,0x000000739a400000) (1024K)]
  0x00000178b4e18f20 JavaThread "Monitor Deflation Thread"   daemon [_thread_blocked, id=12284, stack(0x000000739a400000,0x000000739a500000) (1024K)]
=>0x00000178b4e1bf70 JavaThread "C2 CompilerThread0"         daemon [_thread_in_native, id=15840, stack(0x000000739a500000,0x000000739a600000) (1024K)]
  0x00000178b4e236f0 JavaThread "C1 CompilerThread0"         daemon [_thread_blocked, id=15492, stack(0x000000739a600000,0x000000739a700000) (1024K)]
  0x00000178fa052a60 JavaThread "C1 CompilerThread1"         daemon [_thread_blocked, id=8420, stack(0x000000739a700000,0x000000739a800000) (1024K)]
  0x00000178fa126780 JavaThread "Common-Cleaner"             daemon [_thread_blocked, id=17796, stack(0x000000739a800000,0x000000739a900000) (1024K)]
  0x00000178fa12e2d0 JavaThread "C1 CompilerThread2"         daemon [_thread_blocked, id=21136, stack(0x000000739a900000,0x000000739aa00000) (1024K)]
  0x00000178fa2e7360 JavaThread "Monitor Ctrl-Break"         daemon [_thread_in_native, id=6280, stack(0x000000739aa00000,0x000000739ab00000) (1024K)]
  0x00000178fa2e7dd0 JavaThread "Notification Thread"        daemon [_thread_blocked, id=12640, stack(0x000000739ab00000,0x000000739ac00000) (1024K)]
  0x00000178fa31ed00 JavaThread "JavaFX-Launcher"                   [_thread_blocked, id=872, stack(0x000000739ac00000,0x000000739ad00000) (1024K)]
  0x00000178fa4faad0 JavaThread "QuantumRenderer-0"          daemon [_thread_in_native, id=19724, stack(0x000000739ad00000,0x000000739ae00000) (1024K)]
  0x00000178fa8d98c0 JavaThread "InvokeLaterDispatcher"      daemon [_thread_blocked, id=14232, stack(0x000000739af00000,0x000000739b000000) (1024K)]
  0x00000178fa8d1590 JavaThread "JavaFX Application Thread"         [_thread_blocked, id=22280, stack(0x000000739b000000,0x000000739b100000) (1024K)]
Total: 18

Other Threads:
  0x00000178b4df2700 VMThread "VM Thread"                           [id=17772, stack(0x0000007399e00000,0x0000007399f00000) (1024K)]
  0x00000178b4dde5f0 WatcherThread "VM Periodic Task Thread"        [id=18812, stack(0x0000007399d00000,0x0000007399e00000) (1024K)]
  0x0000017897912c90 WorkerThread "GC Thread#0"                     [id=23008, stack(0x0000007399800000,0x0000007399900000) (1024K)]
  0x000001789791f040 ConcurrentGCThread "G1 Main Marker"            [id=26512, stack(0x0000007399900000,0x0000007399a00000) (1024K)]
  0x000001789791fb50 WorkerThread "G1 Conc#0"                       [id=5980, stack(0x0000007399a00000,0x0000007399b00000) (1024K)]
  0x000001789797e430 ConcurrentGCThread "G1 Refine#0"               [id=20528, stack(0x0000007399b00000,0x0000007399c00000) (1024K)]
  0x00000178b4caf560 ConcurrentGCThread "G1 Service"                [id=26928, stack(0x0000007399c00000,0x0000007399d00000) (1024K)]
Total: 7

Threads with active compile tasks:
C2 CompilerThread0  2091  876       4       java.util.HashMap::putVal (300 bytes)
Total: 1

VM state: not at safepoint (normal execution)

VM Mutex/Monitor currently owned by a thread: None

Heap address: 0x0000000089400000, size: 1900 MB, Compressed Oops mode: 32-bit

CDS archive(s) mapped at: [0x00000178b5000000-0x00000178b5c80000-0x00000178b5c80000), size 13107200, SharedBaseAddress: 0x00000178b5000000, ArchiveRelocationMode: 1.
Compressed class space mapped at: 0x00000178b6000000-0x00000178f6000000, reserved size: 1073741824
Narrow klass base: 0x00000178b5000000, Narrow klass shift: 0, Narrow klass range: 0x100000000

GC Precious Log:
 CardTable entry size: 512
 Card Set container configuration: InlinePtr #cards 5 size 8 Array Of Cards #cards 12 size 40 Howl #buckets 4 coarsen threshold 1843 Howl Bitmap #cards 512 size 80 coarsen threshold 460 Card regions per heap region 1 cards per card region 2048
 CPUs: 16 total, 16 available
 Memory: 7599M
 Large Page Support: Disabled
 NUMA Support: Disabled
 Compressed Oops: Enabled (32-bit)
 Heap Region Size: 1M
 Heap Min Capacity: 8M
 Heap Initial Capacity: 120M
 Heap Max Capacity: 1900M
 Pre-touch: Disabled
 Parallel Workers: 13
 Concurrent Workers: 3
 Concurrent Refinement Workers: 13
 Periodic GC: Disabled

Heap:
 garbage-first heap   total 122880K, used 17408K [0x0000000089400000, 0x0000000100000000)
  region size 1024K, 19 young (19456K), 0 survivors (0K)
 Metaspace       used 3540K, committed 3712K, reserved 1114112K
  class space    used 373K, committed 448K, reserved 1048576K

Heap Regions: E=young(eden), S=young(survivor), O=old, HS=humongous(starts), HC=humongous(continues), CS=collection set, F=free, TAMS=top-at-mark-start, PB=parsable bottom
|   0|0x0000000089400000, 0x0000000089400000, 0x0000000089500000|  0%| F|  |TAMS 0x0000000089400000| PB 0x0000000089400000| Untracked 
|   1|0x0000000089500000, 0x0000000089500000, 0x0000000089600000|  0%| F|  |TAMS 0x0000000089500000| PB 0x0000000089500000| Untracked 
|   2|0x0000000089600000, 0x0000000089600000, 0x0000000089700000|  0%| F|  |TAMS 0x0000000089600000| PB 0x0000000089600000| Untracked 
|   3|0x0000000089700000, 0x0000000089700000, 0x0000000089800000|  0%| F|  |TAMS 0x0000000089700000| PB 0x0000000089700000| Untracked 
|   4|0x0000000089800000, 0x0000000089800000, 0x0000000089900000|  0%| F|  |TAMS 0x0000000089800000| PB 0x0000000089800000| Untracked 
|   5|0x0000000089900000, 0x0000000089900000, 0x0000000089a00000|  0%| F|  |TAMS 0x0000000089900000| PB 0x0000000089900000| Untracked 
|   6|0x0000000089a00000, 0x0000000089a00000, 0x0000000089b00000|  0%| F|  |TAMS 0x0000000089a00000| PB 0x0000000089a00000| Untracked 
|   7|0x0000000089b00000, 0x0000000089b00000, 0x0000000089c00000|  0%| F|  |TAMS 0x0000000089b00000| PB 0x0000000089b00000| Untracked 
|   8|0x0000000089c00000, 0x0000000089c00000, 0x0000000089d00000|  0%| F|  |TAMS 0x0000000089c00000| PB 0x0000000089c00000| Untracked 
|   9|0x0000000089d00000, 0x0000000089d00000, 0x0000000089e00000|  0%| F|  |TAMS 0x0000000089d00000| PB 0x0000000089d00000| Untracked 
|  10|0x0000000089e00000, 0x0000000089e00000, 0x0000000089f00000|  0%| F|  |TAMS 0x0000000089e00000| PB 0x0000000089e00000| Untracked 
|  11|0x0000000089f00000, 0x0000000089f00000, 0x000000008a000000|  0%| F|  |TAMS 0x0000000089f00000| PB 0x0000000089f00000| Untracked 
|  12|0x000000008a000000, 0x000000008a000000, 0x000000008a100000|  0%| F|  |TAMS 0x000000008a000000| PB 0x000000008a000000| Untracked 
|  13|0x000000008a100000, 0x000000008a100000, 0x000000008a200000|  0%| F|  |TAMS 0x000000008a100000| PB 0x000000008a100000| Untracked 
|  14|0x000000008a200000, 0x000000008a200000, 0x000000008a300000|  0%| F|  |TAMS 0x000000008a200000| PB 0x000000008a200000| Untracked 
|  15|0x000000008a300000, 0x000000008a300000, 0x000000008a400000|  0%| F|  |TAMS 0x000000008a300000| PB 0x000000008a300000| Untracked 
|  16|0x000000008a400000, 0x000000008a400000, 0x000000008a500000|  0%| F|  |TAMS 0x000000008a400000| PB 0x000000008a400000| Untracked 
|  17|0x000000008a500000, 0x000000008a500000, 0x000000008a600000|  0%| F|  |TAMS 0x000000008a500000| PB 0x000000008a500000| Untracked 
|  18|0x000000008a600000, 0x000000008a600000, 0x000000008a700000|  0%| F|  |TAMS 0x000000008a600000| PB 0x000000008a600000| Untracked 
|  19|0x000000008a700000, 0x000000008a700000, 0x000000008a800000|  0%| F|  |TAMS 0x000000008a700000| PB 0x000000008a700000| Untracked 
|  20|0x000000008a800000, 0x000000008a800000, 0x000000008a900000|  0%| F|  |TAMS 0x000000008a800000| PB 0x000000008a800000| Untracked 
|  21|0x000000008a900000, 0x000000008a900000, 0x000000008aa00000|  0%| F|  |TAMS 0x000000008a900000| PB 0x000000008a900000| Untracked 
|  22|0x000000008aa00000, 0x000000008aa00000, 0x000000008ab00000|  0%| F|  |TAMS 0x000000008aa00000| PB 0x000000008aa00000| Untracked 
|  23|0x000000008ab00000, 0x000000008ab00000, 0x000000008ac00000|  0%| F|  |TAMS 0x000000008ab00000| PB 0x000000008ab00000| Untracked 
|  24|0x000000008ac00000, 0x000000008ac00000, 0x000000008ad00000|  0%| F|  |TAMS 0x000000008ac00000| PB 0x000000008ac00000| Untracked 
|  25|0x000000008ad00000, 0x000000008ad00000, 0x000000008ae00000|  0%| F|  |TAMS 0x000000008ad00000| PB 0x000000008ad00000| Untracked 
|  26|0x000000008ae00000, 0x000000008ae00000, 0x000000008af00000|  0%| F|  |TAMS 0x000000008ae00000| PB 0x000000008ae00000| Untracked 
|  27|0x000000008af00000, 0x000000008af00000, 0x000000008b000000|  0%| F|  |TAMS 0x000000008af00000| PB 0x000000008af00000| Untracked 
|  28|0x000000008b000000, 0x000000008b000000, 0x000000008b100000|  0%| F|  |TAMS 0x000000008b000000| PB 0x000000008b000000| Untracked 
|  29|0x000000008b100000, 0x000000008b100000, 0x000000008b200000|  0%| F|  |TAMS 0x000000008b100000| PB 0x000000008b100000| Untracked 
|  30|0x000000008b200000, 0x000000008b200000, 0x000000008b300000|  0%| F|  |TAMS 0x000000008b200000| PB 0x000000008b200000| Untracked 
|  31|0x000000008b300000, 0x000000008b300000, 0x000000008b400000|  0%| F|  |TAMS 0x000000008b300000| PB 0x000000008b300000| Untracked 
|  32|0x000000008b400000, 0x000000008b400000, 0x000000008b500000|  0%| F|  |TAMS 0x000000008b400000| PB 0x000000008b400000| Untracked 
|  33|0x000000008b500000, 0x000000008b500000, 0x000000008b600000|  0%| F|  |TAMS 0x000000008b500000| PB 0x000000008b500000| Untracked 
|  34|0x000000008b600000, 0x000000008b600000, 0x000000008b700000|  0%| F|  |TAMS 0x000000008b600000| PB 0x000000008b600000| Untracked 
|  35|0x000000008b700000, 0x000000008b700000, 0x000000008b800000|  0%| F|  |TAMS 0x000000008b700000| PB 0x000000008b700000| Untracked 
|  36|0x000000008b800000, 0x000000008b800000, 0x000000008b900000|  0%| F|  |TAMS 0x000000008b800000| PB 0x000000008b800000| Untracked 
|  37|0x000000008b900000, 0x000000008b900000, 0x000000008ba00000|  0%| F|  |TAMS 0x000000008b900000| PB 0x000000008b900000| Untracked 
|  38|0x000000008ba00000, 0x000000008ba00000, 0x000000008bb00000|  0%| F|  |TAMS 0x000000008ba00000| PB 0x000000008ba00000| Untracked 
|  39|0x000000008bb00000, 0x000000008bb00000, 0x000000008bc00000|  0%| F|  |TAMS 0x000000008bb00000| PB 0x000000008bb00000| Untracked 
|  40|0x000000008bc00000, 0x000000008bc00000, 0x000000008bd00000|  0%| F|  |TAMS 0x000000008bc00000| PB 0x000000008bc00000| Untracked 
|  41|0x000000008bd00000, 0x000000008bd00000, 0x000000008be00000|  0%| F|  |TAMS 0x000000008bd00000| PB 0x000000008bd00000| Untracked 
|  42|0x000000008be00000, 0x000000008be00000, 0x000000008bf00000|  0%| F|  |TAMS 0x000000008be00000| PB 0x000000008be00000| Untracked 
|  43|0x000000008bf00000, 0x000000008bf00000, 0x000000008c000000|  0%| F|  |TAMS 0x000000008bf00000| PB 0x000000008bf00000| Untracked 
|  44|0x000000008c000000, 0x000000008c000000, 0x000000008c100000|  0%| F|  |TAMS 0x000000008c000000| PB 0x000000008c000000| Untracked 
|  45|0x000000008c100000, 0x000000008c100000, 0x000000008c200000|  0%| F|  |TAMS 0x000000008c100000| PB 0x000000008c100000| Untracked 
|  46|0x000000008c200000, 0x000000008c200000, 0x000000008c300000|  0%| F|  |TAMS 0x000000008c200000| PB 0x000000008c200000| Untracked 
|  47|0x000000008c300000, 0x000000008c300000, 0x000000008c400000|  0%| F|  |TAMS 0x000000008c300000| PB 0x000000008c300000| Untracked 
|  48|0x000000008c400000, 0x000000008c400000, 0x000000008c500000|  0%| F|  |TAMS 0x000000008c400000| PB 0x000000008c400000| Untracked 
|  49|0x000000008c500000, 0x000000008c500000, 0x000000008c600000|  0%| F|  |TAMS 0x000000008c500000| PB 0x000000008c500000| Untracked 
|  50|0x000000008c600000, 0x000000008c600000, 0x000000008c700000|  0%| F|  |TAMS 0x000000008c600000| PB 0x000000008c600000| Untracked 
|  51|0x000000008c700000, 0x000000008c700000, 0x000000008c800000|  0%| F|  |TAMS 0x000000008c700000| PB 0x000000008c700000| Untracked 
|  52|0x000000008c800000, 0x000000008c800000, 0x000000008c900000|  0%| F|  |TAMS 0x000000008c800000| PB 0x000000008c800000| Untracked 
|  53|0x000000008c900000, 0x000000008c900000, 0x000000008ca00000|  0%| F|  |TAMS 0x000000008c900000| PB 0x000000008c900000| Untracked 
|  54|0x000000008ca00000, 0x000000008ca00000, 0x000000008cb00000|  0%| F|  |TAMS 0x000000008ca00000| PB 0x000000008ca00000| Untracked 
|  55|0x000000008cb00000, 0x000000008cb00000, 0x000000008cc00000|  0%| F|  |TAMS 0x000000008cb00000| PB 0x000000008cb00000| Untracked 
|  56|0x000000008cc00000, 0x000000008cc00000, 0x000000008cd00000|  0%| F|  |TAMS 0x000000008cc00000| PB 0x000000008cc00000| Untracked 
|  57|0x000000008cd00000, 0x000000008cd00000, 0x000000008ce00000|  0%| F|  |TAMS 0x000000008cd00000| PB 0x000000008cd00000| Untracked 
|  58|0x000000008ce00000, 0x000000008ce00000, 0x000000008cf00000|  0%| F|  |TAMS 0x000000008ce00000| PB 0x000000008ce00000| Untracked 
|  59|0x000000008cf00000, 0x000000008cf00000, 0x000000008d000000|  0%| F|  |TAMS 0x000000008cf00000| PB 0x000000008cf00000| Untracked 
|  60|0x000000008d000000, 0x000000008d000000, 0x000000008d100000|  0%| F|  |TAMS 0x000000008d000000| PB 0x000000008d000000| Untracked 
|  61|0x000000008d100000, 0x000000008d100000, 0x000000008d200000|  0%| F|  |TAMS 0x000000008d100000| PB 0x000000008d100000| Untracked 
|  62|0x000000008d200000, 0x000000008d200000, 0x000000008d300000|  0%| F|  |TAMS 0x000000008d200000| PB 0x000000008d200000| Untracked 
|  63|0x000000008d300000, 0x000000008d300000, 0x000000008d400000|  0%| F|  |TAMS 0x000000008d300000| PB 0x000000008d300000| Untracked 
|  64|0x000000008d400000, 0x000000008d400000, 0x000000008d500000|  0%| F|  |TAMS 0x000000008d400000| PB 0x000000008d400000| Untracked 
|  65|0x000000008d500000, 0x000000008d500000, 0x000000008d600000|  0%| F|  |TAMS 0x000000008d500000| PB 0x000000008d500000| Untracked 
|  66|0x000000008d600000, 0x000000008d600000, 0x000000008d700000|  0%| F|  |TAMS 0x000000008d600000| PB 0x000000008d600000| Untracked 
|  67|0x000000008d700000, 0x000000008d700000, 0x000000008d800000|  0%| F|  |TAMS 0x000000008d700000| PB 0x000000008d700000| Untracked 
|  68|0x000000008d800000, 0x000000008d800000, 0x000000008d900000|  0%| F|  |TAMS 0x000000008d800000| PB 0x000000008d800000| Untracked 
|  69|0x000000008d900000, 0x000000008d900000, 0x000000008da00000|  0%| F|  |TAMS 0x000000008d900000| PB 0x000000008d900000| Untracked 
|  70|0x000000008da00000, 0x000000008da00000, 0x000000008db00000|  0%| F|  |TAMS 0x000000008da00000| PB 0x000000008da00000| Untracked 
|  71|0x000000008db00000, 0x000000008db00000, 0x000000008dc00000|  0%| F|  |TAMS 0x000000008db00000| PB 0x000000008db00000| Untracked 
|  72|0x000000008dc00000, 0x000000008dc00000, 0x000000008dd00000|  0%| F|  |TAMS 0x000000008dc00000| PB 0x000000008dc00000| Untracked 
|  73|0x000000008dd00000, 0x000000008dd00000, 0x000000008de00000|  0%| F|  |TAMS 0x000000008dd00000| PB 0x000000008dd00000| Untracked 
|  74|0x000000008de00000, 0x000000008de00000, 0x000000008df00000|  0%| F|  |TAMS 0x000000008de00000| PB 0x000000008de00000| Untracked 
|  75|0x000000008df00000, 0x000000008df00000, 0x000000008e000000|  0%| F|  |TAMS 0x000000008df00000| PB 0x000000008df00000| Untracked 
|  76|0x000000008e000000, 0x000000008e000000, 0x000000008e100000|  0%| F|  |TAMS 0x000000008e000000| PB 0x000000008e000000| Untracked 
|  77|0x000000008e100000, 0x000000008e100000, 0x000000008e200000|  0%| F|  |TAMS 0x000000008e100000| PB 0x000000008e100000| Untracked 
|  78|0x000000008e200000, 0x000000008e200000, 0x000000008e300000|  0%| F|  |TAMS 0x000000008e200000| PB 0x000000008e200000| Untracked 
|  79|0x000000008e300000, 0x000000008e300000, 0x000000008e400000|  0%| F|  |TAMS 0x000000008e300000| PB 0x000000008e300000| Untracked 
|  80|0x000000008e400000, 0x000000008e400000, 0x000000008e500000|  0%| F|  |TAMS 0x000000008e400000| PB 0x000000008e400000| Untracked 
|  81|0x000000008e500000, 0x000000008e500000, 0x000000008e600000|  0%| F|  |TAMS 0x000000008e500000| PB 0x000000008e500000| Untracked 
|  82|0x000000008e600000, 0x000000008e600000, 0x000000008e700000|  0%| F|  |TAMS 0x000000008e600000| PB 0x000000008e600000| Untracked 
|  83|0x000000008e700000, 0x000000008e700000, 0x000000008e800000|  0%| F|  |TAMS 0x000000008e700000| PB 0x000000008e700000| Untracked 
|  84|0x000000008e800000, 0x000000008e800000, 0x000000008e900000|  0%| F|  |TAMS 0x000000008e800000| PB 0x000000008e800000| Untracked 
|  85|0x000000008e900000, 0x000000008e900000, 0x000000008ea00000|  0%| F|  |TAMS 0x000000008e900000| PB 0x000000008e900000| Untracked 
|  86|0x000000008ea00000, 0x000000008ea00000, 0x000000008eb00000|  0%| F|  |TAMS 0x000000008ea00000| PB 0x000000008ea00000| Untracked 
|  87|0x000000008eb00000, 0x000000008eb00000, 0x000000008ec00000|  0%| F|  |TAMS 0x000000008eb00000| PB 0x000000008eb00000| Untracked 
|  88|0x000000008ec00000, 0x000000008ec00000, 0x000000008ed00000|  0%| F|  |TAMS 0x000000008ec00000| PB 0x000000008ec00000| Untracked 
|  89|0x000000008ed00000, 0x000000008ed00000, 0x000000008ee00000|  0%| F|  |TAMS 0x000000008ed00000| PB 0x000000008ed00000| Untracked 
|  90|0x000000008ee00000, 0x000000008ee00000, 0x000000008ef00000|  0%| F|  |TAMS 0x000000008ee00000| PB 0x000000008ee00000| Untracked 
|  91|0x000000008ef00000, 0x000000008ef00000, 0x000000008f000000|  0%| F|  |TAMS 0x000000008ef00000| PB 0x000000008ef00000| Untracked 
|  92|0x000000008f000000, 0x000000008f000000, 0x000000008f100000|  0%| F|  |TAMS 0x000000008f000000| PB 0x000000008f000000| Untracked 
|  93|0x000000008f100000, 0x000000008f100000, 0x000000008f200000|  0%| F|  |TAMS 0x000000008f100000| PB 0x000000008f100000| Untracked 
|  94|0x000000008f200000, 0x000000008f200000, 0x000000008f300000|  0%| F|  |TAMS 0x000000008f200000| PB 0x000000008f200000| Untracked 
|  95|0x000000008f300000, 0x000000008f300000, 0x000000008f400000|  0%| F|  |TAMS 0x000000008f300000| PB 0x000000008f300000| Untracked 
|  96|0x000000008f400000, 0x000000008f400000, 0x000000008f500000|  0%| F|  |TAMS 0x000000008f400000| PB 0x000000008f400000| Untracked 
|  97|0x000000008f500000, 0x000000008f500000, 0x000000008f600000|  0%| F|  |TAMS 0x000000008f500000| PB 0x000000008f500000| Untracked 
|  98|0x000000008f600000, 0x000000008f600000, 0x000000008f700000|  0%| F|  |TAMS 0x000000008f600000| PB 0x000000008f600000| Untracked 
|  99|0x000000008f700000, 0x000000008f700000, 0x000000008f800000|  0%| F|  |TAMS 0x000000008f700000| PB 0x000000008f700000| Untracked 
| 100|0x000000008f800000, 0x000000008f800000, 0x000000008f900000|  0%| F|  |TAMS 0x000000008f800000| PB 0x000000008f800000| Untracked 
| 101|0x000000008f900000, 0x000000008f97dc48, 0x000000008fa00000| 49%| E|  |TAMS 0x000000008f900000| PB 0x000000008f900000| Complete 
| 102|0x000000008fa00000, 0x000000008fb00000, 0x000000008fb00000|100%| E|CS|TAMS 0x000000008fa00000| PB 0x000000008fa00000| Complete 
| 103|0x000000008fb00000, 0x000000008fc00000, 0x000000008fc00000|100%| E|  |TAMS 0x000000008fb00000| PB 0x000000008fb00000| Complete 
| 104|0x000000008fc00000, 0x000000008fd00000, 0x000000008fd00000|100%| E|CS|TAMS 0x000000008fc00000| PB 0x000000008fc00000| Complete 
| 105|0x000000008fd00000, 0x000000008fe00000, 0x000000008fe00000|100%| E|CS|TAMS 0x000000008fd00000| PB 0x000000008fd00000| Complete 
| 106|0x000000008fe00000, 0x000000008ff00000, 0x000000008ff00000|100%| E|CS|TAMS 0x000000008fe00000| PB 0x000000008fe00000| Complete 
| 107|0x000000008ff00000, 0x0000000090000000, 0x0000000090000000|100%| E|CS|TAMS 0x000000008ff00000| PB 0x000000008ff00000| Complete 
| 108|0x0000000090000000, 0x0000000090100000, 0x0000000090100000|100%| E|CS|TAMS 0x0000000090000000| PB 0x0000000090000000| Complete 
| 109|0x0000000090100000, 0x0000000090200000, 0x0000000090200000|100%| E|CS|TAMS 0x0000000090100000| PB 0x0000000090100000| Complete 
| 110|0x0000000090200000, 0x0000000090300000, 0x0000000090300000|100%| E|CS|TAMS 0x0000000090200000| PB 0x0000000090200000| Complete 
| 111|0x0000000090300000, 0x0000000090400000, 0x0000000090400000|100%| E|CS|TAMS 0x0000000090300000| PB 0x0000000090300000| Complete 
| 112|0x0000000090400000, 0x0000000090500000, 0x0000000090500000|100%| E|CS|TAMS 0x0000000090400000| PB 0x0000000090400000| Complete 
| 113|0x0000000090500000, 0x0000000090600000, 0x0000000090600000|100%| E|CS|TAMS 0x0000000090500000| PB 0x0000000090500000| Complete 
| 114|0x0000000090600000, 0x0000000090700000, 0x0000000090700000|100%| E|CS|TAMS 0x0000000090600000| PB 0x0000000090600000| Complete 
| 115|0x0000000090700000, 0x0000000090800000, 0x0000000090800000|100%| E|CS|TAMS 0x0000000090700000| PB 0x0000000090700000| Complete 
| 116|0x0000000090800000, 0x0000000090900000, 0x0000000090900000|100%| E|CS|TAMS 0x0000000090800000| PB 0x0000000090800000| Complete 
| 117|0x0000000090900000, 0x0000000090a00000, 0x0000000090a00000|100%| E|CS|TAMS 0x0000000090900000| PB 0x0000000090900000| Complete 
| 118|0x0000000090a00000, 0x0000000090b00000, 0x0000000090b00000|100%| E|CS|TAMS 0x0000000090a00000| PB 0x0000000090a00000| Complete 
| 119|0x0000000090b00000, 0x0000000090c00000, 0x0000000090c00000|100%| E|CS|TAMS 0x0000000090b00000| PB 0x0000000090b00000| Complete 

Card table byte_map: [0x00000178afc40000,0x00000178b0000000] _byte_map_base: 0x00000178af7f6000

Marking Bits: (CMBitMap*) 0x00000178979133a0
 Bits: [0x00000178b0000000, 0x00000178b1db0000)

Polling page: 0x00000178958c0000

Metaspace:

Usage:
  Non-class:      3.09 MB used.
      Class:    373.54 KB used.
       Both:      3.46 MB used.

Virtual space:
  Non-class space:       64.00 MB reserved,       3.19 MB (  5%) committed,  1 nodes.
      Class space:        1.00 GB reserved,     448.00 KB ( <1%) committed,  1 nodes.
             Both:        1.06 GB reserved,       3.62 MB ( <1%) committed. 

Chunk freelists:
   Non-Class:  10.81 MB
       Class:  15.54 MB
        Both:  26.35 MB

MaxMetaspaceSize: unlimited
CompressedClassSpaceSize: 1.00 GB
Initial GC threshold: 21.00 MB
Current GC threshold: 21.00 MB
CDS: on
 - commit_granule_bytes: 65536.
 - commit_granule_words: 8192.
 - virtual_space_node_default_size: 8388608.
 - enlarge_chunks_in_place: 1.
 - use_allocation_guard: 0.


Internal statistics:

num_allocs_failed_limit: 0.
num_arena_births: 106.
num_arena_deaths: 0.
num_vsnodes_births: 2.
num_vsnodes_deaths: 0.
num_space_committed: 58.
num_space_uncommitted: 0.
num_chunks_returned_to_freelist: 0.
num_chunks_taken_from_freelist: 183.
num_chunk_merges: 0.
num_chunk_splits: 117.
num_chunks_enlarged: 73.
num_inconsistent_stats: 0.

CodeHeap 'non-profiled nmethods': size=119168Kb used=336Kb max_used=336Kb free=118831Kb
 bounds [0x00000178a7b80000, 0x00000178a7df0000, 0x00000178aefe0000]
CodeHeap 'profiled nmethods': size=119104Kb used=1370Kb max_used=1370Kb free=117733Kb
 bounds [0x000001789ffe0000, 0x00000178a0250000, 0x00000178a7430000]
CodeHeap 'non-nmethods': size=7488Kb used=2439Kb max_used=2452Kb free=5048Kb
 bounds [0x00000178a7430000, 0x00000178a76a0000, 0x00000178a7b80000]
CodeCache: size=245760Kb, used=4145Kb, max_used=4158Kb, free=241612Kb
 total_blobs=1378, nmethods=897, adapters=384, full_count=0
Compilation: enabled, stopped_count=0, restarted_count=0

Compilation events (20 events):
Event: 1.993 Thread 0x00000178fa12e2d0 nmethod 871 0x00000178a012c110 code [0x00000178a012c2e0, 0x00000178a012c6d0]
Event: 1.993 Thread 0x00000178fa12e2d0  872       3       jdk.internal.loader.BuiltinClassLoader::loadClass (22 bytes)
Event: 1.993 Thread 0x00000178b4e236f0 nmethod 867 0x00000178a012c890 code [0x00000178a012cb60, 0x00000178a012da80]
Event: 1.993 Thread 0x00000178b4e236f0  873       3       java.util.concurrent.locks.ReentrantReadWriteLock$ReadLock::lock (9 bytes)
Event: 1.993 Thread 0x00000178fa12e2d0 nmethod 872 0x00000178a012e090 code [0x00000178a012e260, 0x00000178a012e518]
Event: 1.993 Thread 0x00000178b4e236f0 nmethod 873 0x00000178a012e610 code [0x00000178a012e7c0, 0x00000178a012e908]
Event: 1.993 Thread 0x00000178fa12e2d0  874       3       java.util.concurrent.locks.AbstractQueuedSynchronizer::acquireShared (20 bytes)
Event: 1.993 Thread 0x00000178fa12e2d0 nmethod 874 0x00000178a012ea10 code [0x00000178a012ebe0, 0x00000178a012ee50]
Event: 1.993 Thread 0x00000178fa052a60 nmethod 870 0x00000178a012ef10 code [0x00000178a012f0c0, 0x00000178a012f298]
Event: 1.997 Thread 0x00000178fa12e2d0  875       3       java.util.ArrayDeque::addLast (51 bytes)
Event: 1.997 Thread 0x00000178fa12e2d0 nmethod 875 0x00000178a012f310 code [0x00000178a012f500, 0x00000178a012f9b0]
Event: 2.002 Thread 0x00000178b4e1bf70  876       4       java.util.HashMap::putVal (300 bytes)
Event: 2.003 Thread 0x00000178fa052a60  877       3       java.util.TreeMap::parentOf (13 bytes)
Event: 2.003 Thread 0x00000178fa12e2d0  878       3       java.lang.Character::toUpperCase (6 bytes)
Event: 2.003 Thread 0x00000178b4e236f0  879       3       java.lang.Character::toUpperCase (9 bytes)
Event: 2.003 Thread 0x00000178fa12e2d0 nmethod 878 0x00000178a012fb90 code [0x00000178a012fd60, 0x00000178a012ffb8]
Event: 2.003 Thread 0x00000178fa052a60 nmethod 877 0x00000178a0130090 code [0x00000178a0130240, 0x00000178a01303a8]
Event: 2.003 Thread 0x00000178fa052a60  880       3       java.lang.CharacterDataLatin1::toUpperCase (67 bytes)
Event: 2.004 Thread 0x00000178b4e236f0 nmethod 879 0x00000178a0130490 code [0x00000178a0130640, 0x00000178a0130838]
Event: 2.004 Thread 0x00000178fa052a60 nmethod 880 0x00000178a0130910 code [0x00000178a0130ae0, 0x00000178a0130e08]

GC Heap History (0 events):
No events

Dll operation events (20 events):
Event: 1.684 Loaded shared library C:\Users\ASUS\.openjfx\cache\21.0.6+3\amd64\api-ms-win-crt-string-l1-1-0.dll
Event: 1.688 Attempting to load shared library C:\Users\ASUS\.openjfx\cache\21.0.6+3\amd64\api-ms-win-crt-time-l1-1-0.dll
Event: 1.689 Loaded shared library C:\Users\ASUS\.openjfx\cache\21.0.6+3\amd64\api-ms-win-crt-time-l1-1-0.dll
Event: 1.695 Attempting to load shared library C:\Users\ASUS\.openjfx\cache\21.0.6+3\amd64\api-ms-win-crt-utility-l1-1-0.dll
Event: 1.696 Loaded shared library C:\Users\ASUS\.openjfx\cache\21.0.6+3\amd64\api-ms-win-crt-utility-l1-1-0.dll
Event: 1.719 Attempting to load shared library C:\Users\ASUS\.openjfx\cache\21.0.6+3\amd64\ucrtbase.dll
Event: 1.720 Loaded shared library C:\Users\ASUS\.openjfx\cache\21.0.6+3\amd64\ucrtbase.dll
Event: 1.727 Attempting to load shared library C:\Users\ASUS\.openjfx\cache\21.0.6+3\amd64\vcruntime140.dll
Event: 1.727 Loaded shared library C:\Users\ASUS\.openjfx\cache\21.0.6+3\amd64\vcruntime140.dll
Event: 1.733 Attempting to load shared library C:\Users\ASUS\.openjfx\cache\21.0.6+3\amd64\vcruntime140_1.dll
Event: 1.733 Loaded shared library C:\Users\ASUS\.openjfx\cache\21.0.6+3\amd64\vcruntime140_1.dll
Event: 1.748 Attempting to load shared library C:\Users\ASUS\.openjfx\cache\21.0.6+3\amd64\msvcp140.dll
Event: 1.749 Loaded shared library C:\Users\ASUS\.openjfx\cache\21.0.6+3\amd64\msvcp140.dll
Event: 1.757 Attempting to load shared library C:\Users\ASUS\.openjfx\cache\21.0.6+3\amd64\msvcp140_1.dll
Event: 1.758 Loaded shared library C:\Users\ASUS\.openjfx\cache\21.0.6+3\amd64\msvcp140_1.dll
Event: 1.770 Attempting to load shared library C:\Users\ASUS\.openjfx\cache\21.0.6+3\amd64\msvcp140_2.dll
Event: 1.771 Loaded shared library C:\Users\ASUS\.openjfx\cache\21.0.6+3\amd64\msvcp140_2.dll
Event: 1.873 Attempting to load shared library C:\Users\ASUS\.openjfx\cache\21.0.6+3\amd64\prism_d3d.dll
Event: 1.881 Loaded shared library C:\Users\ASUS\.openjfx\cache\21.0.6+3\amd64\prism_d3d.dll
Event: 2.014 Attempting to load shared library C:\Users\ASUS\.openjfx\cache\21.0.6+3\amd64\glass.dll

Deoptimization events (20 events):
Event: 1.725 Thread 0x00000178fa31ed00 DEOPT PACKING pc=0x00000178a00e6f57 sp=0x000000739acfeac0
Event: 1.725 Thread 0x00000178fa31ed00 DEOPT UNPACKING pc=0x00000178a7484bc2 sp=0x000000739acfdee0 mode 0
Event: 1.741 Thread 0x00000178fa31ed00 DEOPT PACKING pc=0x00000178a00e42d7 sp=0x000000739acfeb10
Event: 1.741 Thread 0x00000178fa31ed00 DEOPT UNPACKING pc=0x00000178a7484bc2 sp=0x000000739acfdfa8 mode 0
Event: 2.001 Thread 0x00000178fa31ed00 Uncommon trap: trap_request=0xffffffc6 fr.pc=0x00000178a7ba61b8 relative=0x0000000000000c38
Event: 2.001 Thread 0x00000178fa31ed00 Uncommon trap: reason=bimorphic_or_optimized_type_check action=maybe_recompile pc=0x00000178a7ba61b8 method=java.util.HashMap.putVal(ILjava/lang/Object;Ljava/lang/Object;ZZ)Ljava/lang/Object; @ 56 c2
Event: 2.001 Thread 0x00000178fa31ed00 DEOPT PACKING pc=0x00000178a7ba61b8 sp=0x000000739acfda20
Event: 2.001 Thread 0x00000178fa31ed00 DEOPT UNPACKING pc=0x00000178a7484422 sp=0x000000739acfd9b8 mode 2
Event: 2.001 Thread 0x00000178fa31ed00 Uncommon trap: trap_request=0xffffffc6 fr.pc=0x00000178a7ba61b8 relative=0x0000000000000c38
Event: 2.001 Thread 0x00000178fa31ed00 Uncommon trap: reason=bimorphic_or_optimized_type_check action=maybe_recompile pc=0x00000178a7ba61b8 method=java.util.HashMap.putVal(ILjava/lang/Object;Ljava/lang/Object;ZZ)Ljava/lang/Object; @ 56 c2
Event: 2.001 Thread 0x00000178fa31ed00 DEOPT PACKING pc=0x00000178a7ba61b8 sp=0x000000739acfda20
Event: 2.001 Thread 0x00000178fa31ed00 DEOPT UNPACKING pc=0x00000178a7484422 sp=0x000000739acfd9b8 mode 2
Event: 2.001 Thread 0x00000178fa31ed00 Uncommon trap: trap_request=0xffffffc6 fr.pc=0x00000178a7ba61b8 relative=0x0000000000000c38
Event: 2.001 Thread 0x00000178fa31ed00 Uncommon trap: reason=bimorphic_or_optimized_type_check action=maybe_recompile pc=0x00000178a7ba61b8 method=java.util.HashMap.putVal(ILjava/lang/Object;Ljava/lang/Object;ZZ)Ljava/lang/Object; @ 56 c2
Event: 2.001 Thread 0x00000178fa31ed00 DEOPT PACKING pc=0x00000178a7ba61b8 sp=0x000000739acfda20
Event: 2.001 Thread 0x00000178fa31ed00 DEOPT UNPACKING pc=0x00000178a7484422 sp=0x000000739acfd9b8 mode 2
Event: 2.001 Thread 0x00000178fa31ed00 Uncommon trap: trap_request=0xffffffc6 fr.pc=0x00000178a7ba61b8 relative=0x0000000000000c38
Event: 2.001 Thread 0x00000178fa31ed00 Uncommon trap: reason=bimorphic_or_optimized_type_check action=maybe_recompile pc=0x00000178a7ba61b8 method=java.util.HashMap.putVal(ILjava/lang/Object;Ljava/lang/Object;ZZ)Ljava/lang/Object; @ 56 c2
Event: 2.001 Thread 0x00000178fa31ed00 DEOPT PACKING pc=0x00000178a7ba61b8 sp=0x000000739acfda20
Event: 2.001 Thread 0x00000178fa31ed00 DEOPT UNPACKING pc=0x00000178a7484422 sp=0x000000739acfd9b8 mode 2

Classes loaded (20 events):
Event: 1.834 Loading class java/util/concurrent/LinkedBlockingQueue$Node
Event: 1.834 Loading class java/util/concurrent/LinkedBlockingQueue$Node done
Event: 1.834 Loading class java/util/concurrent/Executors
Event: 1.834 Loading class java/util/concurrent/Executors done
Event: 1.834 Loading class java/util/concurrent/Executors$DefaultThreadFactory
Event: 1.834 Loading class java/util/concurrent/Executors$DefaultThreadFactory done
Event: 1.836 Loading class java/util/concurrent/ThreadPoolExecutor$Worker
Event: 1.836 Loading class java/util/concurrent/ThreadPoolExecutor$Worker done
Event: 2.000 Loading class java/lang/ProcessEnvironment
Event: 2.000 Loading class java/lang/ProcessEnvironment done
Event: 2.001 Loading class java/lang/ProcessEnvironment$NameComparator
Event: 2.001 Loading class java/lang/ProcessEnvironment$NameComparator done
Event: 2.001 Loading class java/lang/ProcessEnvironment$EntryComparator
Event: 2.001 Loading class java/lang/ProcessEnvironment$EntryComparator done
Event: 2.002 Loading class java/lang/ProcessEnvironment$CheckedEntrySet
Event: 2.002 Loading class java/lang/ProcessEnvironment$CheckedEntrySet done
Event: 2.002 Loading class java/lang/ProcessEnvironment$CheckedEntrySet$1
Event: 2.002 Loading class java/lang/ProcessEnvironment$CheckedEntrySet$1 done
Event: 2.002 Loading class java/lang/ProcessEnvironment$CheckedEntry
Event: 2.002 Loading class java/lang/ProcessEnvironment$CheckedEntry done

Classes unloaded (0 events):
No events

Classes redefined (0 events):
No events

Internal exceptions (9 events):
Event: 0.674 Thread 0x00000178978bdf80 Exception <a 'java/lang/NoSuchMethodError'{0x00000000906a2958}: 'void java.lang.invoke.DirectMethodHandle$Holder.invokeVirtual(java.lang.Object, java.lang.Object)'> (0x00000000906a2958) 
thrown [s\src\hotspot\share\interpreter\linkResolver.cpp, line 773]
Event: 0.692 Thread 0x00000178978bdf80 Exception <a 'java/lang/NoSuchMethodError'{0x00000000906ad618}: 'java.lang.Object java.lang.invoke.DirectMethodHandle$Holder.invokeInterface(java.lang.Object, java.lang.Object, java.lang.Object)'> (0x00000000906ad618) 
thrown [s\src\hotspot\share\interpreter\linkResolver.cpp, line 773]
Event: 1.015 Thread 0x00000178978bdf80 Exception <a 'java/lang/NoSuchMethodError'{0x0000000090496de0}: 'void java.lang.invoke.DirectMethodHandle$Holder.invokeStatic(java.lang.Object, java.lang.Object, java.lang.Object)'> (0x0000000090496de0) 
thrown [s\src\hotspot\share\interpreter\linkResolver.cpp, line 773]
Event: 1.045 Thread 0x00000178978bdf80 Exception <a 'java/lang/NoSuchMethodError'{0x00000000904adb18}: 'java.lang.Object java.lang.invoke.Invokers$Holder.invokeExact_MT(java.lang.Object, java.lang.Object, java.lang.Object, java.lang.Object, java.lang.Object)'> (0x00000000904adb18) 
thrown [s\src\hotspot\share\interpreter\linkResolver.cpp, line 773]
Event: 1.071 Thread 0x00000178fa2e7360 Exception <a 'java/lang/ClassNotFoundException'{0x00000000904efc50}: jdk/net/ExtendedSocketOptions> (0x00000000904efc50) 
thrown [s\src\hotspot\share\classfile\systemDictionary.cpp, line 313]
Event: 1.075 Thread 0x00000178fa2e7360 Exception <a 'java/lang/NoSuchMethodError'{0x00000000904f1458}: 'void java.lang.invoke.DirectMethodHandle$Holder.invokeStatic(java.lang.Object, java.lang.Object)'> (0x00000000904f1458) 
thrown [s\src\hotspot\share\interpreter\linkResolver.cpp, line 773]
Event: 1.139 Thread 0x00000178978bdf80 Exception <a 'java/lang/NoSuchMethodError'{0x00000000903733f8}: 'java.lang.Object java.lang.invoke.DirectMethodHandle$Holder.newInvokeSpecial(java.lang.Object, java.lang.Object, java.lang.Object, java.lang.Object, java.lang.Object)'> (0x00000000903733f8) 
thrown [s\src\hotspot\share\interpreter\linkResolver.cpp, line 773]
Event: 1.825 Thread 0x00000178fa31ed00 Exception <a 'java/lang/NoSuchMethodError'{0x000000008fc6e358}: 'void java.lang.invoke.DirectMethodHandle$Holder.invokeSpecial(java.lang.Object, java.lang.Object, java.lang.Object)'> (0x000000008fc6e358) 
thrown [s\src\hotspot\share\interpreter\linkResolver.cpp, line 773]
Event: 1.968 Thread 0x00000178fa31ed00 Exception <a 'java/lang/NoSuchMethodError'{0x000000008fcc7ba8}: 'int java.lang.invoke.DirectMethodHandle$Holder.invokeStaticInit(java.lang.Object, java.lang.Object, java.lang.Object)'> (0x000000008fcc7ba8) 
thrown [s\src\hotspot\share\interpreter\linkResolver.cpp, line 773]

ZGC Phase Switch (0 events):
No events

VM Operations (8 events):
Event: 0.820 Executing non-safepoint VM operation: HandshakeAllThreads (Deoptimize)
Event: 0.821 Executing non-safepoint VM operation: HandshakeAllThreads (Deoptimize) done
Event: 0.823 Executing non-safepoint VM operation: HandshakeAllThreads (Deoptimize)
Event: 0.823 Executing non-safepoint VM operation: HandshakeAllThreads (Deoptimize) done
Event: 1.833 Executing safepoint VM operation: Cleanup
Event: 1.834 Executing safepoint VM operation: Cleanup done
Event: 2.001 Executing non-safepoint VM operation: HandshakeAllThreads (Deoptimize)
Event: 2.001 Executing non-safepoint VM operation: HandshakeAllThreads (Deoptimize) done

Memory protections (0 events):
No events

Nmethod flushes (0 events):
No events

Events (16 events):
Event: 0.090 Thread 0x00000178978bdf80 Thread added: 0x00000178978bdf80
Event: 0.128 Thread 0x00000178978bdf80 Thread added: 0x00000178b4e08270
Event: 0.128 Thread 0x00000178978bdf80 Thread added: 0x00000178b4e08f90
Event: 0.129 Thread 0x00000178978bdf80 Thread added: 0x00000178b4e0bf30
Event: 0.129 Thread 0x00000178978bdf80 Thread added: 0x00000178b4e0cd20
Event: 0.129 Thread 0x00000178978bdf80 Thread added: 0x00000178b4e17f60
Event: 0.129 Thread 0x00000178978bdf80 Thread added: 0x00000178b4e18f20
Event: 0.129 Thread 0x00000178978bdf80 Thread added: 0x00000178b4e1bf70
Event: 0.137 Thread 0x00000178978bdf80 Thread added: 0x00000178b4e236f0
Event: 0.145 Thread 0x00000178b4e236f0 Thread added: 0x00000178fa052a60
Event: 0.280 Thread 0x00000178978bdf80 Thread added: 0x00000178fa126780
Event: 0.334 Thread 0x00000178fa052a60 Thread added: 0x00000178fa12e2d0
Event: 1.054 Thread 0x00000178978bdf80 Thread added: 0x00000178fa2e7360
Event: 1.054 Thread 0x00000178978bdf80 Thread added: 0x00000178fa2e7dd0
Event: 1.144 Thread 0x00000178978bdf80 Thread added: 0x00000178fa31ed00
Event: 1.852 Thread 0x00000178fa31ed00 Thread added: 0x00000178fa4faad0


Dynamic libraries:
0x00007ff7a4450000 - 0x00007ff7a445e000 	D:\Java\jdk-21\bin\java.exe
0x00007ffaf5f90000 - 0x00007ffaf61a8000 	C:\WINDOWS\SYSTEM32\ntdll.dll
0x00007ffaf54f0000 - 0x00007ffaf55b4000 	C:\WINDOWS\System32\KERNEL32.DLL
0x00007ffaf31c0000 - 0x00007ffaf3593000 	C:\WINDOWS\System32\KERNELBASE.dll
0x00007ffaf30a0000 - 0x00007ffaf31b1000 	C:\WINDOWS\System32\ucrtbase.dll
0x00007ffae7b60000 - 0x00007ffae7b7e000 	D:\Java\jdk-21\bin\VCRUNTIME140.dll
0x00007ffaeaa30000 - 0x00007ffaeaa48000 	D:\Java\jdk-21\bin\jli.dll
0x00007ffaf5880000 - 0x00007ffaf5a32000 	C:\WINDOWS\System32\USER32.dll
0x00007ffaf3800000 - 0x00007ffaf3826000 	C:\WINDOWS\System32\win32u.dll
0x00007ffae1a70000 - 0x00007ffae1d0c000 	C:\WINDOWS\WinSxS\amd64_microsoft.windows.common-controls_6595b64144ccf1df_6.0.22621.6060_none_2712eda17382d24b\COMCTL32.dll
0x00007ffaf5a40000 - 0x00007ffaf5a69000 	C:\WINDOWS\System32\GDI32.dll
0x00007ffaf5150000 - 0x00007ffaf51f7000 	C:\WINDOWS\System32\msvcrt.dll
0x00007ffaf3660000 - 0x00007ffaf377b000 	C:\WINDOWS\System32\gdi32full.dll
0x00007ffaf3a50000 - 0x00007ffaf3aea000 	C:\WINDOWS\System32\msvcp_win.dll
0x00007ffaf4f60000 - 0x00007ffaf4f91000 	C:\WINDOWS\System32\IMM32.DLL
0x00007ffaeec00000 - 0x00007ffaeec0c000 	D:\Java\jdk-21\bin\vcruntime140_1.dll
0x00007ffada060000 - 0x00007ffada0ed000 	D:\Java\jdk-21\bin\msvcp140.dll
0x00007ffa93110000 - 0x00007ffa93eb2000 	D:\Java\jdk-21\bin\server\jvm.dll
0x00007ffaf5430000 - 0x00007ffaf54e1000 	C:\WINDOWS\System32\ADVAPI32.dll
0x00007ffaf4600000 - 0x00007ffaf46a8000 	C:\WINDOWS\System32\sechost.dll
0x00007ffaf3830000 - 0x00007ffaf3858000 	C:\WINDOWS\System32\bcrypt.dll
0x00007ffaf3c60000 - 0x00007ffaf3d78000 	C:\WINDOWS\System32\RPCRT4.dll
0x00007ffaf5c10000 - 0x00007ffaf5c81000 	C:\WINDOWS\System32\WS2_32.dll
0x00007ffaf1ef0000 - 0x00007ffaf1f3d000 	C:\WINDOWS\SYSTEM32\POWRPROF.dll
0x00007ffaea2e0000 - 0x00007ffaea314000 	C:\WINDOWS\SYSTEM32\WINMM.dll
0x00007ffaebaa0000 - 0x00007ffaebaaa000 	C:\WINDOWS\SYSTEM32\VERSION.dll
0x00007ffaf1ed0000 - 0x00007ffaf1ee3000 	C:\WINDOWS\SYSTEM32\UMPDC.dll
0x00007ffaf2170000 - 0x00007ffaf2188000 	C:\WINDOWS\SYSTEM32\kernel.appcore.dll
0x00007ffaedd30000 - 0x00007ffaedd3a000 	D:\Java\jdk-21\bin\jimage.dll
0x00007ffaf0b10000 - 0x00007ffaf0d43000 	C:\WINDOWS\SYSTEM32\DBGHELP.DLL
0x00007ffaf4260000 - 0x00007ffaf45f1000 	C:\WINDOWS\System32\combase.dll
0x00007ffaf5350000 - 0x00007ffaf5428000 	C:\WINDOWS\System32\OLEAUT32.dll
0x00007ffae85a0000 - 0x00007ffae85d2000 	C:\WINDOWS\SYSTEM32\dbgcore.DLL
0x00007ffaf3860000 - 0x00007ffaf38db000 	C:\WINDOWS\System32\bcryptPrimitives.dll
0x00007ffaebc20000 - 0x00007ffaebc2f000 	D:\Java\jdk-21\bin\instrument.dll
0x00007ffae1960000 - 0x00007ffae1980000 	D:\Java\jdk-21\bin\java.dll
0x00007ffaf46c0000 - 0x00007ffaf4f5c000 	C:\WINDOWS\System32\SHELL32.dll
0x00007ffaf3af0000 - 0x00007ffaf3c2f000 	C:\WINDOWS\System32\wintypes.dll
0x00007ffaf0fb0000 - 0x00007ffaf18ca000 	C:\WINDOWS\SYSTEM32\windows.storage.dll
0x00007ffaf5610000 - 0x00007ffaf5714000 	C:\WINDOWS\System32\SHCORE.dll
0x00007ffaf5d20000 - 0x00007ffaf5d89000 	C:\WINDOWS\System32\shlwapi.dll
0x00007ffaf2fd0000 - 0x00007ffaf2ff5000 	C:\WINDOWS\SYSTEM32\profapi.dll
0x00007ffac5280000 - 0x00007ffac5357000 	D:\Java\jdk-21\bin\jsvml.dll
0x00007ffaed680000 - 0x00007ffaed690000 	D:\Java\jdk-21\bin\net.dll
0x00007ffaee8d0000 - 0x00007ffaee9fc000 	C:\WINDOWS\SYSTEM32\WINHTTP.dll
0x00007ffaf2650000 - 0x00007ffaf26b9000 	C:\WINDOWS\system32\mswsock.dll
0x00007ffae12a0000 - 0x00007ffae12b6000 	D:\Java\jdk-21\bin\nio.dll
0x00007ffae0c60000 - 0x00007ffae0c78000 	D:\Java\jdk-21\bin\zip.dll
0x00000178977f0000 - 0x00000178977f3000 	C:\Users\ASUS\.openjfx\cache\21.0.6+3\amd64\api-ms-win-core-console-l1-1-0.dll
0x0000017897800000 - 0x0000017897803000 	C:\Users\ASUS\.openjfx\cache\21.0.6+3\amd64\api-ms-win-core-console-l1-2-0.dll
0x0000017897810000 - 0x0000017897813000 	C:\Users\ASUS\.openjfx\cache\21.0.6+3\amd64\api-ms-win-core-datetime-l1-1-0.dll
0x0000017897820000 - 0x0000017897823000 	C:\Users\ASUS\.openjfx\cache\21.0.6+3\amd64\api-ms-win-core-debug-l1-1-0.dll
0x0000017897830000 - 0x0000017897833000 	C:\Users\ASUS\.openjfx\cache\21.0.6+3\amd64\api-ms-win-core-errorhandling-l1-1-0.dll
0x0000017897840000 - 0x0000017897844000 	C:\Users\ASUS\.openjfx\cache\21.0.6+3\amd64\api-ms-win-core-file-l1-1-0.dll
0x0000017897850000 - 0x0000017897853000 	C:\Users\ASUS\.openjfx\cache\21.0.6+3\amd64\api-ms-win-core-file-l1-2-0.dll
0x0000017897860000 - 0x0000017897863000 	C:\Users\ASUS\.openjfx\cache\21.0.6+3\amd64\api-ms-win-core-file-l2-1-0.dll
0x0000017897870000 - 0x0000017897873000 	C:\Users\ASUS\.openjfx\cache\21.0.6+3\amd64\api-ms-win-core-handle-l1-1-0.dll
0x00000178b4e60000 - 0x00000178b4e63000 	C:\Users\ASUS\.openjfx\cache\21.0.6+3\amd64\api-ms-win-core-heap-l1-1-0.dll
0x00000178b4e70000 - 0x00000178b4e73000 	C:\Users\ASUS\.openjfx\cache\21.0.6+3\amd64\api-ms-win-core-interlocked-l1-1-0.dll
0x00000178b4e80000 - 0x00000178b4e83000 	C:\Users\ASUS\.openjfx\cache\21.0.6+3\amd64\api-ms-win-core-libraryloader-l1-1-0.dll
0x00000178b4e90000 - 0x00000178b4e93000 	C:\Users\ASUS\.openjfx\cache\21.0.6+3\amd64\api-ms-win-core-localization-l1-2-0.dll
0x00000178b4ea0000 - 0x00000178b4ea3000 	C:\Users\ASUS\.openjfx\cache\21.0.6+3\amd64\api-ms-win-core-memory-l1-1-0.dll
0x00000178b4eb0000 - 0x00000178b4eb3000 	C:\Users\ASUS\.openjfx\cache\21.0.6+3\amd64\api-ms-win-core-namedpipe-l1-1-0.dll
0x00000178b4ec0000 - 0x00000178b4ec3000 	C:\Users\ASUS\.openjfx\cache\21.0.6+3\amd64\api-ms-win-core-processenvironment-l1-1-0.dll
0x00000178b4ed0000 - 0x00000178b4ed3000 	C:\Users\ASUS\.openjfx\cache\21.0.6+3\amd64\api-ms-win-core-processthreads-l1-1-0.dll
0x00000178b4ee0000 - 0x00000178b4ee3000 	C:\Users\ASUS\.openjfx\cache\21.0.6+3\amd64\api-ms-win-core-processthreads-l1-1-1.dll
0x00000178b4ef0000 - 0x00000178b4ef3000 	C:\Users\ASUS\.openjfx\cache\21.0.6+3\amd64\api-ms-win-core-profile-l1-1-0.dll
0x00000178b4f00000 - 0x00000178b4f03000 	C:\Users\ASUS\.openjfx\cache\21.0.6+3\amd64\api-ms-win-core-rtlsupport-l1-1-0.dll
0x00000178b4f10000 - 0x00000178b4f13000 	C:\Users\ASUS\.openjfx\cache\21.0.6+3\amd64\api-ms-win-core-string-l1-1-0.dll
0x00000178b4f20000 - 0x00000178b4f23000 	C:\Users\ASUS\.openjfx\cache\21.0.6+3\amd64\api-ms-win-core-synch-l1-1-0.dll
0x00000178b4f30000 - 0x00000178b4f33000 	C:\Users\ASUS\.openjfx\cache\21.0.6+3\amd64\api-ms-win-core-synch-l1-2-0.dll
0x00000178b4f40000 - 0x00000178b4f43000 	C:\Users\ASUS\.openjfx\cache\21.0.6+3\amd64\api-ms-win-core-sysinfo-l1-1-0.dll
0x00000178b4f50000 - 0x00000178b4f53000 	C:\Users\ASUS\.openjfx\cache\21.0.6+3\amd64\api-ms-win-core-timezone-l1-1-0.dll
0x00000178b4f60000 - 0x00000178b4f63000 	C:\Users\ASUS\.openjfx\cache\21.0.6+3\amd64\api-ms-win-core-util-l1-1-0.dll
0x00000178b4f70000 - 0x00000178b4f73000 	C:\Users\ASUS\.openjfx\cache\21.0.6+3\amd64\api-ms-win-crt-conio-l1-1-0.dll
0x00000178b4f80000 - 0x00000178b4f84000 	C:\Users\ASUS\.openjfx\cache\21.0.6+3\amd64\api-ms-win-crt-convert-l1-1-0.dll
0x00000178b4f90000 - 0x00000178b4f93000 	C:\Users\ASUS\.openjfx\cache\21.0.6+3\amd64\api-ms-win-crt-environment-l1-1-0.dll
0x00000178b4fa0000 - 0x00000178b4fa3000 	C:\Users\ASUS\.openjfx\cache\21.0.6+3\amd64\api-ms-win-crt-filesystem-l1-1-0.dll
0x00000178b4fb0000 - 0x00000178b4fb3000 	C:\Users\ASUS\.openjfx\cache\21.0.6+3\amd64\api-ms-win-crt-heap-l1-1-0.dll
0x00000178b4fc0000 - 0x00000178b4fc3000 	C:\Users\ASUS\.openjfx\cache\21.0.6+3\amd64\api-ms-win-crt-locale-l1-1-0.dll
0x00000178b4fd0000 - 0x00000178b4fd5000 	C:\Users\ASUS\.openjfx\cache\21.0.6+3\amd64\api-ms-win-crt-math-l1-1-0.dll
0x00000178b4fe0000 - 0x00000178b4fe5000 	C:\Users\ASUS\.openjfx\cache\21.0.6+3\amd64\api-ms-win-crt-multibyte-l1-1-0.dll
0x00000178b4ff0000 - 0x00000178b5000000 	C:\Users\ASUS\.openjfx\cache\21.0.6+3\amd64\api-ms-win-crt-private-l1-1-0.dll
0x00000178fac00000 - 0x00000178fac03000 	C:\Users\ASUS\.openjfx\cache\21.0.6+3\amd64\api-ms-win-crt-process-l1-1-0.dll
0x00000178fac10000 - 0x00000178fac14000 	C:\Users\ASUS\.openjfx\cache\21.0.6+3\amd64\api-ms-win-crt-runtime-l1-1-0.dll
0x00000178fac20000 - 0x00000178fac24000 	C:\Users\ASUS\.openjfx\cache\21.0.6+3\amd64\api-ms-win-crt-stdio-l1-1-0.dll
0x00000178fac30000 - 0x00000178fac34000 	C:\Users\ASUS\.openjfx\cache\21.0.6+3\amd64\api-ms-win-crt-string-l1-1-0.dll
0x00000178fac40000 - 0x00000178fac43000 	C:\Users\ASUS\.openjfx\cache\21.0.6+3\amd64\api-ms-win-crt-time-l1-1-0.dll
0x00000178fac50000 - 0x00000178fac53000 	C:\Users\ASUS\.openjfx\cache\21.0.6+3\amd64\api-ms-win-crt-utility-l1-1-0.dll
0x00007ffab7bf0000 - 0x00007ffab7cec000 	C:\Users\ASUS\.openjfx\cache\21.0.6+3\amd64\ucrtbase.dll
0x00007ffae07f0000 - 0x00007ffae080b000 	C:\Users\ASUS\.openjfx\cache\21.0.6+3\amd64\vcruntime140.dll
0x00007ffae0b20000 - 0x00007ffae0b2c000 	C:\Users\ASUS\.openjfx\cache\21.0.6+3\amd64\vcruntime140_1.dll
0x00007ffad8ce0000 - 0x00007ffad8d6e000 	C:\Users\ASUS\.openjfx\cache\21.0.6+3\amd64\msvcp140.dll
0x00007ffae0a70000 - 0x00007ffae0a79000 	C:\Users\ASUS\.openjfx\cache\21.0.6+3\amd64\msvcp140_1.dll
0x00007ffac5230000 - 0x00007ffac5271000 	C:\Users\ASUS\.openjfx\cache\21.0.6+3\amd64\msvcp140_2.dll
0x00007ffadae70000 - 0x00007ffadaea0000 	C:\Users\ASUS\.openjfx\cache\21.0.6+3\amd64\prism_d3d.dll
0x00007ffacbe30000 - 0x00007ffacbfd8000 	C:\WINDOWS\system32\d3d9.dll
0x00007ffaf0320000 - 0x00007ffaf034b000 	C:\WINDOWS\SYSTEM32\dwmapi.dll
0x00007ffaf0390000 - 0x00007ffaf03c7000 	C:\WINDOWS\SYSTEM32\dxcore.dll
0x00007ffaf00d0000 - 0x00007ffaf0183000 	C:\WINDOWS\system32\uxtheme.dll
0x00007ffae4a30000 - 0x00007ffae4be8000 	C:\Windows\System32\DriverStore\FileRepository\u0382793.inf_amd64_1c9c9d36a5813460\B384051\aticfx64.dll
0x00007ffada020000 - 0x00007ffada054000 	C:\Windows\System32\DriverStore\FileRepository\u0382793.inf_amd64_1c9c9d36a5813460\B384051\atiu9p64.dll
0x00007ffa923b0000 - 0x00007ffa93104000 	C:\Windows\System32\DriverStore\FileRepository\u0382793.inf_amd64_1c9c9d36a5813460\B384051\atiumd64.dll
0x00007ffaf4fa0000 - 0x00007ffaf5141000 	C:\WINDOWS\System32\ole32.dll
0x00000000764f0000 - 0x0000000077364000 	C:\WINDOWS\System32\DriverStore\FileRepository\u0382793.inf_amd64_1c9c9d36a5813460\B384051\atiumd6a.dll
0x00007ffaf3d80000 - 0x00007ffaf41f4000 	C:\WINDOWS\System32\SETUPAPI.dll
0x00007ffae24b0000 - 0x00007ffae24e0000 	C:\WINDOWS\SYSTEM32\amdihk64.dll
0x00007ffaea570000 - 0x00007ffaea5b9000 	C:\WINDOWS\SYSTEM32\directxdatabasehelper.dll
0x00007ffac4e20000 - 0x00007ffac4e62000 	C:\Users\ASUS\.openjfx\cache\21.0.6+3\amd64\glass.dll
0x00007ffaf5a70000 - 0x00007ffaf5b73000 	C:\WINDOWS\System32\COMDLG32.dll
0x00007ffaf5720000 - 0x00007ffaf5880000 	C:\WINDOWS\System32\MSCTF.dll

JVMTI agents:
D:\java1\IntelliJ IDEA 2026.2.1\lib\idea_rt.jar path:D:\Java\jdk-21\bin\instrument.dll, loaded, initialized, instrumentlib options:61141

dbghelp: loaded successfully - version: 4.0.5 - missing functions: none
symbol engine: initialized successfully - sym options: 0x614 - pdb path: .;D:\Java\jdk-21\bin;C:\WINDOWS\SYSTEM32;C:\WINDOWS\WinSxS\amd64_microsoft.windows.common-controls_6595b64144ccf1df_6.0.22621.6060_none_2712eda17382d24b;D:\Java\jdk-21\bin\server;C:\Users\ASUS\.openjfx\cache\21.0.6+3\amd64;C:\Windows\System32\DriverStore\FileRepository\u0382793.inf_amd64_1c9c9d36a5813460\B384051

VM Arguments:
jvm_args: -javaagent:D:\java1\IntelliJ IDEA 2026.2.1\lib\idea_rt.jar=61141 -Dfile.encoding=UTF-8 -Dsun.stdout.encoding=UTF-8 -Dsun.stderr.encoding=UTF-8 --module-path=C:\Users\ASUS\.m2\repository\org\openjfx\javafx-graphics\21.0.6\javafx-graphics-21.0.6-win.jar;C:\Users\ASUS\.m2\repository\org\openjfx\javafx-base\21.0.6\javafx-base-21.0.6-win.jar;C:\Users\ASUS\.m2\repository\org\openjfx\javafx-fxml\21.0.6\javafx-fxml-21.0.6-win.jar;D:\CalcFX\CalcFX\target\classes;C:\Users\ASUS\.m2\repository\org\openjfx\javafx-controls\21.0.6\javafx-controls-21.0.6-win.jar -Djdk.module.main=com.example.calcfx 
java_command: com.example.calcfx/com.example.calcfx.Launcher
java_class_path (initial): C:\Users\ASUS\.m2\repository\org\openjfx\javafx-controls\21.0.6\javafx-controls-21.0.6.jar;C:\Users\ASUS\.m2\repository\org\openjfx\javafx-graphics\21.0.6\javafx-graphics-21.0.6.jar;C:\Users\ASUS\.m2\repository\org\openjfx\javafx-base\21.0.6\javafx-base-21.0.6.jar;C:\Users\ASUS\.m2\repository\org\openjfx\javafx-fxml\21.0.6\javafx-fxml-21.0.6.jar;C:\Users\ASUS\.m2\repository\org\xerial\sqlite-jdbc\3.45.1.0\sqlite-jdbc-3.45.1.0.jar;C:\Users\ASUS\.m2\repository\org\slf4j\slf4j-api\1.7.36\slf4j-api-1.7.36.jar;C:\Users\ASUS\.m2\repository\org\json\json\20240303\json-20240303.jar;C:\Users\ASUS\.m2\repository\net\objecthunter\exp4j\0.4.8\exp4j-0.4.8.jar
Launcher Type: SUN_STANDARD

[Global flags]
     intx CICompilerCount                          = 12                                        {product} {ergonomic}
     uint ConcGCThreads                            = 3                                         {product} {ergonomic}
     uint G1ConcRefinementThreads                  = 13                                        {product} {ergonomic}
   size_t G1HeapRegionSize                         = 1048576                                   {product} {ergonomic}
    uintx GCDrainStackTargetSize                   = 64                                        {product} {ergonomic}
   size_t InitialHeapSize                          = 125829120                                 {product} {ergonomic}
   size_t MarkStackSize                            = 4194304                                   {product} {ergonomic}
   size_t MaxHeapSize                              = 1992294400                                {product} {ergonomic}
   size_t MaxNewSize                               = 1195376640                                {product} {ergonomic}
   size_t MinHeapDeltaBytes                        = 1048576                                   {product} {ergonomic}
   size_t MinHeapSize                              = 8388608                                   {product} {ergonomic}
    uintx NonNMethodCodeHeapSize                   = 7602480                                {pd product} {ergonomic}
    uintx NonProfiledCodeHeapSize                  = 122027880                              {pd product} {ergonomic}
    uintx ProfiledCodeHeapSize                     = 122027880                              {pd product} {ergonomic}
    uintx ReservedCodeCacheSize                    = 251658240                              {pd product} {ergonomic}
     bool SegmentedCodeCache                       = true                                      {product} {ergonomic}
   size_t SoftMaxHeapSize                          = 1992294400                             {manageable} {ergonomic}
     bool UseCompressedOops                        = true                           {product lp64_product} {ergonomic}
     bool UseG1GC                                  = true                                      {product} {ergonomic}
     bool UseLargePagesIndividualAllocation        = false                                  {pd product} {ergonomic}

Logging:
Log output configuration:
 #0: stdout all=warning uptime,level,tags foldmultilines=false
 #1: stderr all=off uptime,level,tags foldmultilines=false

Release file:
IMPLEMENTOR="Eclipse Adoptium" 
IMPLEMENTOR_VERSION="Temurin-21.0.12.1+1" 
JAVA_RUNTIME_VERSION="21.0.12.1+1-LTS" 
JAVA_VERSION="21.0.12.1" 
JAVA_VERSION_DATE="2026-08-18" 
LIBC="default" 
MODULES="java.base java.compiler java.datatransfer java.xml java.prefs java.desktop java.instrument java.logging java.management java.security.sasl java.naming java.rmi java.management.rmi java.net.http java.scripting java.security.jgss java.transaction.xa java.sql java.sql.rowset java.xml.crypto java.se java.smartcardio jdk.accessibility jdk.internal.jvmstat jdk.attach jdk.charsets jdk.internal.opt jdk.zipfs jdk.compiler jdk.crypto.ec jdk.crypto.cryptoki jdk.crypto.mscapi jdk.dynalink jdk.internal.ed jdk.editpad jdk.hotspot.agent jdk.httpserver jdk.incubator.vector jdk.internal.le jdk.internal.vm.ci jdk.internal.vm.compiler jdk.internal.vm.compiler.management jdk.jartool jdk.javadoc jdk.jcmd jdk.management jdk.management.agent jdk.jconsole jdk.jdeps jdk.jdwp.agent jdk.jdi jdk.jfr jdk.jlink jdk.jpackage jdk.jshell jdk.jsobject jdk.jstatd jdk.localedata jdk.management.jfr jdk.naming.dns jdk.naming.rmi jdk.net jdk.nio.mapmode jdk.random jdk.sctp jdk.security.auth jdk.security.jgss jdk.unsupported jdk.unsupported.desktop jdk.xml.dom" 
OS_ARCH="x86_64" 
OS_NAME="Windows" 
SOURCE=".:git:1c417fbfc2f7" 
BUILD_SOURCE="git:e6ba7dec3d07654074559310376a3ae89da5f4ac"
BUILD_SOURCE_REPO="https://github.com/adoptium/temurin-build.git"
SOURCE_REPO="https://github.com/adoptium/jdk21u.git"
FULL_VERSION="21.0.12.1+1-LTS"
SEMANTIC_VERSION="21.0.12.1+1"
BUILD_INFO="OS: Windows Server 2022 Version: 10.0"
JVM_VARIANT="Hotspot"
JVM_VERSION="21.0.12.1+1-LTS"
IMAGE_TYPE="JDK"

Environment Variables:
PATH=D:\Java\jdk-21\bin;C:\Program Files (x86)\Common Files\Oracle\Java\javapath;C:\Windows\system32;C:\Windows;C:\Windows\System32\Wbem;C:\Windows\System32\WindowsPowerShell\v1.0\;C:\Windows\System32\OpenSSH\;C:\Program Files\NVIDIA Corporation\NVIDIA NvDLISR;C:\MinGW\bin\g++.exe;C:\WINDOWS\system32;C:\WINDOWS;C:\WINDOWS\System32\Wbem;C:\WINDOWS\System32\WindowsPowerShell\v1.0\;C:\WINDOWS\System32\OpenSSH\;C:\Program Files\dotnet\;C:\Program Files (x86)\Windows Kits\10\Windows Performance Toolkit\;C:\gcc\bin;C:\Program Files\Microsoft SQL Server\Client SDK\ODBC\110\Tools\Binn\;C:\Program Files (x86)\Microsoft SQL Server\120\Tools\Binn\;C:\Program Files\Microsoft SQL Server\120\Tools\Binn\;C:\Program Files\Microsoft SQL Server\120\DTS\Binn\;C:\Program Files (x86)\Windows Kits\8.1\Windows Performance Toolkit\;D:\Software_\Git\cmd;C:\Users\ASUS\scoop\shims;C:\Users\ASUS\AppData\Local\Programs\Python\Launcher\;C:\Users\ASUS\AppData\Local\Microsoft\WindowsApps;D:\flutter\flutter_windows_3.27.3-stable\flutter\bin;D:\pycharm\PyCharm Community Edition 2024.3.5\bin;;D:\vscode\Microsoft VS Code\bin;C:\Users\ASUS\.dotnet\tools;D:\java1\IntelliJ IDEA 2026.2.1\bin
USERNAME=ASUS
OS=Windows_NT
PROCESSOR_IDENTIFIER=AMD64 Family 23 Model 96 Stepping 1, AuthenticAMD
TMP=C:\Users\ASUS\AppData\Local\Temp
TEMP=C:\Users\ASUS\AppData\Local\Temp




Periodic native trim disabled

---------------  S Y S T E M  ---------------

OS:
 Windows 11 , 64 bit Build 22621 (10.0.22621.5415)
OS uptime: 2 days 5:52 hours

CPU: total 16 (initial active 16) (16 cores per cpu, 2 threads per core) family 23 model 96 stepping 1 microcode 0x0, cx8, cmov, fxsr, ht, mmx, 3dnowpref, sse, sse2, sse3, ssse3, sse4a, sse4.1, sse4.2, popcnt, lzcnt, tsc, tscinvbit, avx, avx2, aes, clmul, bmi1, bmi2, adx, sha, fma, vzeroupper, clflush, clflushopt, rdtscp, rdpid, f16c
Processor Information for the first 16 processors :
  Max Mhz: 2901, Current Mhz: 2901, Mhz Limit: 2901

Memory: 4k page, system-wide physical 7599M (242M free)
TotalPageFile size 19309M (AvailPageFile size 4M)
current process WorkingSet (physical memory assigned to process): 72M, peak: 72M
current process commit charge ("private bytes"): 232M, peak: 232M

vm_info: OpenJDK 64-Bit Server VM (21.0.12.1+1-LTS) for windows-amd64 JRE (21.0.12.1+1-LTS), built on 2026-08-18T00:00:00Z by "admin" with MS VC++ 17.12 (VS2022)

END.
